Archive member included to satisfy reference by file (symbol)

../drivers\libIotLibrary.a(hal.o)
                              main.o (hal_create)
../drivers\libIotLibrary.a(hih8120.o)
                              main.o (hih8120Create)
../drivers\libIotLibrary.a(led.o)
                              ../drivers\libIotLibrary.a(hal.o) (led_create)
../drivers\libIotLibrary.a(lora_driver.o)
                              main.o (lora_driver_flush_buffers)
../drivers\libIotLibrary.a(lora_driver_utils.o)
                              ../drivers\libIotLibrary.a(lora_driver.o) (decode_port_no)
../drivers\libIotLibrary.a(mega_register_access.o)
                              ../drivers\libIotLibrary.a(hal.o) (reg_read_register)
../drivers\libIotLibrary.a(mh_z19.o)
                              main.o (mh_z19_create)
../drivers\libIotLibrary.a(serial.o)
                              ../drivers\libIotLibrary.a(lora_driver.o) (serial_new_instance)
../drivers\libIotLibrary.a(stdio_driver.o)
                              main.o (stdioCreate)
../drivers\libIotLibrary.a(twi.o)
                              ../drivers\libIotLibrary.a(hih8120.o) (twiCreate)
../drivers\libIotLibrary.a(fifo.o)
                              ../drivers\libIotLibrary.a(serial.o) (fifo_init)
c:/program files (x86)/atmel/studio/7.0/toolchain/avr8/avr8-gnu-toolchain/bin/../lib/gcc/avr/5.4.0/../../../../avr/lib/avr6\libm.a(addsf3.o)
                              ../drivers\libIotLibrary.a(hih8120.o) (__subsf3)
c:/program files (x86)/atmel/studio/7.0/toolchain/avr8/avr8-gnu-toolchain/bin/../lib/gcc/avr/5.4.0/../../../../avr/lib/avr6\libm.a(addsf3x.o)
                              c:/program files (x86)/atmel/studio/7.0/toolchain/avr8/avr8-gnu-toolchain/bin/../lib/gcc/avr/5.4.0/../../../../avr/lib/avr6\libm.a(addsf3.o) (__addsf3x)
c:/program files (x86)/atmel/studio/7.0/toolchain/avr8/avr8-gnu-toolchain/bin/../lib/gcc/avr/5.4.0/../../../../avr/lib/avr6\libm.a(divsf3.o)
                              ../drivers\libIotLibrary.a(hih8120.o) (__divsf3)
c:/program files (x86)/atmel/studio/7.0/toolchain/avr8/avr8-gnu-toolchain/bin/../lib/gcc/avr/5.4.0/../../../../avr/lib/avr6\libm.a(divsf3x.o)
                              c:/program files (x86)/atmel/studio/7.0/toolchain/avr8/avr8-gnu-toolchain/bin/../lib/gcc/avr/5.4.0/../../../../avr/lib/avr6\libm.a(divsf3.o) (__divsf3x)
c:/program files (x86)/atmel/studio/7.0/toolchain/avr8/avr8-gnu-toolchain/bin/../lib/gcc/avr/5.4.0/../../../../avr/lib/avr6\libm.a(fixsfsi.o)
                              ../drivers\libIotLibrary.a(hih8120.o) (__fixsfsi)
c:/program files (x86)/atmel/studio/7.0/toolchain/avr8/avr8-gnu-toolchain/bin/../lib/gcc/avr/5.4.0/../../../../avr/lib/avr6\libm.a(fixunssfsi.o)
                              ../drivers\libIotLibrary.a(hih8120.o) (__fixunssfsi)
c:/program files (x86)/atmel/studio/7.0/toolchain/avr8/avr8-gnu-toolchain/bin/../lib/gcc/avr/5.4.0/../../../../avr/lib/avr6\libm.a(floatsisf.o)
                              ../drivers\libIotLibrary.a(hih8120.o) (__floatunsisf)
c:/program files (x86)/atmel/studio/7.0/toolchain/avr8/avr8-gnu-toolchain/bin/../lib/gcc/avr/5.4.0/../../../../avr/lib/avr6\libm.a(fp_inf.o)
                              c:/program files (x86)/atmel/studio/7.0/toolchain/avr8/avr8-gnu-toolchain/bin/../lib/gcc/avr/5.4.0/../../../../avr/lib/avr6\libm.a(addsf3x.o) (__fp_inf)
c:/program files (x86)/atmel/studio/7.0/toolchain/avr8/avr8-gnu-toolchain/bin/../lib/gcc/avr/5.4.0/../../../../avr/lib/avr6\libm.a(fp_nan.o)
                              c:/program files (x86)/atmel/studio/7.0/toolchain/avr8/avr8-gnu-toolchain/bin/../lib/gcc/avr/5.4.0/../../../../avr/lib/avr6\libm.a(addsf3x.o) (__fp_nan)
c:/program files (x86)/atmel/studio/7.0/toolchain/avr8/avr8-gnu-toolchain/bin/../lib/gcc/avr/5.4.0/../../../../avr/lib/avr6\libm.a(fp_pscA.o)
                              c:/program files (x86)/atmel/studio/7.0/toolchain/avr8/avr8-gnu-toolchain/bin/../lib/gcc/avr/5.4.0/../../../../avr/lib/avr6\libm.a(addsf3x.o) (__fp_pscA)
c:/program files (x86)/atmel/studio/7.0/toolchain/avr8/avr8-gnu-toolchain/bin/../lib/gcc/avr/5.4.0/../../../../avr/lib/avr6\libm.a(fp_pscB.o)
                              c:/program files (x86)/atmel/studio/7.0/toolchain/avr8/avr8-gnu-toolchain/bin/../lib/gcc/avr/5.4.0/../../../../avr/lib/avr6\libm.a(addsf3x.o) (__fp_pscB)
c:/program files (x86)/atmel/studio/7.0/toolchain/avr8/avr8-gnu-toolchain/bin/../lib/gcc/avr/5.4.0/../../../../avr/lib/avr6\libm.a(fp_round.o)
                              c:/program files (x86)/atmel/studio/7.0/toolchain/avr8/avr8-gnu-toolchain/bin/../lib/gcc/avr/5.4.0/../../../../avr/lib/avr6\libm.a(addsf3.o) (__fp_round)
c:/program files (x86)/atmel/studio/7.0/toolchain/avr8/avr8-gnu-toolchain/bin/../lib/gcc/avr/5.4.0/../../../../avr/lib/avr6\libm.a(fp_split3.o)
                              c:/program files (x86)/atmel/studio/7.0/toolchain/avr8/avr8-gnu-toolchain/bin/../lib/gcc/avr/5.4.0/../../../../avr/lib/avr6\libm.a(addsf3x.o) (__fp_split3)
[...]
Memory Configuration

Name             Origin             Length             Attributes
text             0x00000000         0x00100000         xr
data             0x00800200         0x0000fe00         rw !x
eeprom           0x00810000         0x00010000         rw !x
fuse             0x00820000         0x00000003         rw !x
lock             0x00830000         0x00000400         rw !x
signature        0x00840000         0x00000400         rw !x
user_signatures  0x00850000         0x00000400         rw !x
*default*        0x00000000         0xffffffff

Linker script and memory map

Address of section .data set to 0x800200
LOAD C:/Program Files (x86)/Atmel/Studio/7.0/Packs/atmel/ATmega_DFP/1.3.300/gcc/dev/atmega2560/avr6/crtatmega2560.o
LOAD FreeRTOS/FreeRTOSTraceDriver/FreeRTOSTraceDriver.o
LOAD FreeRTOS/src/croutine.o
LOAD FreeRTOS/src/event_groups.o
LOAD FreeRTOS/src/heap_3.o
LOAD FreeRTOS/src/list.o
LOAD FreeRTOS/src/port.o
LOAD FreeRTOS/src/queue.o
LOAD FreeRTOS/src/stream_buffer.o
LOAD FreeRTOS/src/tasks.o
LOAD FreeRTOS/src/timers.o
LOAD FreeRTOS/src/variantHooks.o
LOAD main.o
START GROUP
LOAD c:/program files (x86)/atmel/studio/7.0/toolchain/avr8/avr8-gnu-toolchain/bin/../lib/gcc/avr/5.4.0/../../../../avr/lib/avr6\libm.a
LOAD ../drivers\libIotLibrary.a
LOAD ../../../../../Stdio_lib\libserialLib.a
END GROUP
START GROUP
LOAD c:/program files (x86)/atmel/studio/7.0/toolchain/avr8/avr8-gnu-toolchain/bin/../lib/gcc/avr/5.4.0/avr6\libgcc.a
LOAD c:/program files (x86)/atmel/studio/7.0/toolchain/avr8/avr8-gnu-toolchain/bin/../lib/gcc/avr/5.4.0/../../../../avr/lib/avr6\libm.a
LOAD c:/program files (x86)/atmel/studio/7.0/toolchain/avr8/avr8-gnu-toolchain/bin/../lib/gcc/avr/5.4.0/../../../../avr/lib/avr6\libc.a
LOAD C:/Program Files (x86)/Atmel/Studio/7.0/Packs/atmel/ATmega_DFP/1.3.300/gcc/dev/atmega2560/avr6\libatmega2560.a
END GROUP
                0x00000000                __TEXT_REGION_ORIGIN__ = DEFINED (__TEXT_REGION_ORIGIN__)?__TEXT_REGION_ORIGIN__:0x0
                0x00800200                __DATA_REGION_ORIGIN__ = DEFINED (__DATA_REGION_ORIGIN__)?__DATA_REGION_ORIGIN__:0x800200
                0x00100000                __TEXT_REGION_LENGTH__ = DEFINED (__TEXT_REGION_LENGTH__)?__TEXT_REGION_LENGTH__:0x100000
                0x0000fe00                __DATA_REGION_LENGTH__ = DEFINED (__DATA_REGION_LENGTH__)?__DATA_REGION_LENGTH__:0xfe00
                0x00010000                __EEPROM_REGION_LENGTH__ = DEFINED (__EEPROM_REGION_LENGTH__)?__EEPROM_REGION_LENGTH__:0x10000
                [0x00000003]                __FUSE_REGION_LENGTH__ = DEFINED (__FUSE_REGION_LENGTH__)?__FUSE_REGION_LENGTH__:0x400
                0x00000400                __LOCK_REGION_LENGTH__ = DEFINED (__LOCK_REGION_LENGTH__)?__LOCK_REGION_LENGTH__:0x400
                0x00000400                __SIGNATURE_REGION_LENGTH__ = DEFINED (__SIGNATURE_REGION_LENGTH__)?__SIGNATURE_REGION_LENGTH__:0x400
                0x00000400                __USER_SIGNATURE_REGION_LENGTH__ = DEFINED (__USER_SIGNATURE_REGION_LENGTH__)?__USER_SIGNATURE_REGION_LENGTH__:0x400

.hash
 *(.hash)

.dynsym
 *(.dynsym)

.dynstr
 *(.dynstr)

.gnu.version
 *(.gnu.version)

.gnu.version_d
 *(.gnu.version_d)

.gnu.version_r
 *(.gnu.version_r)

.rel.init
 *(.rel.init)

.rela.init
 *(.rela.init)

.rel.text
 *(.rel.text)
 *(.rel.text.*)
 *(.rel.gnu.linkonce.t*)

.rela.text
 *(.rela.text)
 *(.rela.text.*)
 *(.rela.gnu.linkonce.t*)

.rel.fini
 *(.rel.fini)

.rela.fini
 *(.rela.fini)

.rel.rodata
 *(.rel.rodata)
 *(.rel.rodata.*)
 *(.rel.gnu.linkonce.r*)

.rela.rodata
 *(.rela.rodata)
 *(.rela.rodata.*)
 *(.rela.gnu.linkonce.r*)

.rel.data
 *(.rel.data)
 *(.rel.data.*)
 *(.rel.gnu.linkonce.d*)

.rela.data
 *(.rela.data)
 *(.rela.data.*)
 *(.rela.gnu.linkonce.d*)

.rel.ctors
 *(.rel.ctors)

.rela.ctors
 *(.rela.ctors)

.rel.dtors
 *(.rel.dtors)

.rela.dtors
 *(.rela.dtors)

.rel.got
 *(.rel.got)

.rela.got
 *(.rela.got)

.rel.bss
 *(.rel.bss)

.rela.bss
 *(.rela.bss)

.rel.plt
 *(.rel.plt)

.rela.plt
 *(.rela.plt)

.text           0x00000000     0x5270
 *(.vectors)
 .vectors       0x00000000       0xe4 C:/Program Files (x86)/Atmel/Studio/7.0/Packs/atmel/ATmega_DFP/1.3.300/gcc/dev/atmega2560/avr6/crtatmega2560.o
                0x00000000                __vector_default
                0x00000000                __vectors
 *(.vectors)
 *(.progmem.gcc*)
 .progmem.gcc_sw_table
                0x000000e4       0x14 FreeRTOS/src/timers.o
 .progmem.gcc_sw_table.__vector_39
                0x000000f8       0xa2 ../drivers\libIotLibrary.a(twi.o)
                0x0000019a                . = ALIGN (0x2)
                0x0000019a                __trampolines_start = .
 *(.trampolines)
 .trampolines   0x0000019a        0x0 linker stubs
 *(.trampolines*)
                0x0000019a                __trampolines_end = .
 *libprintf_flt.a:*(.progmem.data)
 *libc.a:*(.progmem.data)
 *(.progmem*)
                0x0000019a                . = ALIGN (0x2)
 *(.jumptables)
 *(.jumptables*)
 *(.lowtext)
 .lowtext       0x0000019a       0x6c FreeRTOS/src/tasks.o
 .lowtext       0x00000206      0x206 FreeRTOS/src/timers.o
 *(.lowtext*)
                0x0000040c                __ctors_start = .
 *(.ctors)
                0x0000040c                __ctors_end = .
                0x0000040c                __dtors_start = .
 *(.dtors)
                0x0000040c                __dtors_end = .
 SORT(*)(.ctors)
 SORT(*)(.dtors)
 *(.init0)
 .init0         0x0000040c        0x0 C:/Program Files (x86)/Atmel/Studio/7.0/Packs/atmel/ATmega_DFP/1.3.300/gcc/dev/atmega2560/avr6/crtatmega2560.o
                0x0000040c                __init
 *(.init0)
 *(.init1)
 *(.init1)
 *(.init2)
 .init2         0x0000040c       0x10 C:/Program Files (x86)/Atmel/Studio/7.0/Packs/atmel/ATmega_DFP/1.3.300/gcc/dev/atmega2560/avr6/crtatmega2560.o
 *(.init2)
 *(.init3)
 *(.init3)
 *(.init4)
 .init4         0x0000041c       0x1a c:/program files (x86)/atmel/studio/7.0/toolchain/avr8/avr8-gnu-toolchain/bin/../lib/gcc/avr/5.4.0/avr6\libgcc.a(_copy_data.o)
                0x0000041c                __do_copy_data
 .init4         0x00000436       0x10 c:/program files (x86)/atmel/studio/7.0/toolchain/avr8/avr8-gnu-toolchain/bin/../lib/gcc/avr/5.4.0/avr6\libgcc.a(_clear_bss.o)
                0x00000436                __do_clear_bss
 *(.init4)
 *(.init5)
 *(.init5)
 *(.init6)
 *(.init6)
 *(.init7)
 *(.init7)
 *(.init8)
 *(.init8)
 *(.init9)
 .init9         0x00000446        0x8 C:/Program Files (x86)/Atmel/Studio/7.0/Packs/atmel/ATmega_DFP/1.3.300/gcc/dev/atmega2560/avr6/crtatmega2560.o
 *(.init9)
 *(.text)
 .text          0x0000044e        0x2 C:/Program Files (x86)/Atmel/Studio/7.0/Packs/atmel/ATmega_DFP/1.3.300/gcc/dev/atmega2560/avr6/crtatmega2560.o
                0x0000044e                __vector_38
                0x0000044e                __vector_22
                0x0000044e                __vector_28
                0x0000044e                __vector_1
                0x0000044e                __vector_32
                0x0000044e                __vector_34
                0x0000044e                __vector_24
                0x0000044e                __vector_46
                0x0000044e                __bad_interrupt
                0x0000044e                __vector_6
                0x0000044e                __vector_31
                0x0000044e                __vector_35
                0x0000044e                __vector_3
                0x0000044e                __vector_23
                0x0000044e                __vector_30
                0x0000044e                __vector_45
                0x0000044e                __vector_11
                0x0000044e                __vector_13
                0x0000044e                __vector_17
                0x0000044e                __vector_19
                0x0000044e                __vector_56
                0x0000044e                __vector_7
                0x0000044e                __vector_49
                0x0000044e                __vector_41
                0x0000044e                __vector_43
                0x0000044e                __vector_27
                0x0000044e                __vector_5
                0x0000044e                __vector_33
                0x0000044e                __vector_47
                0x0000044e                __vector_4
                0x0000044e                __vector_44
                0x0000044e                __vector_9
                0x0000044e                __vector_2
                0x0000044e                __vector_21
                0x0000044e                __vector_15
                0x0000044e                __vector_29
                0x0000044e                __vector_40
                0x0000044e                __vector_8
                0x0000044e                __vector_48
                0x0000044e                __vector_14
                0x0000044e                __vector_53
                0x0000044e                __vector_10
                0x0000044e                __vector_50
                0x0000044e                __vector_16
                0x0000044e                __vector_18
                0x0000044e                __vector_20
                0x0000044e                __vector_42
                0x00000450                . = ALIGN (0x2)
 *(.text.*)
 .text.trace_init
                0x00000450        0xc FreeRTOS/FreeRTOSTraceDriver/FreeRTOSTraceDriver.o
                0x00000450                trace_init
 .text.task_switch_in
                0x0000045c       0x14 FreeRTOS/FreeRTOSTraceDriver/FreeRTOSTraceDriver.o
                0x0000045c                task_switch_in
 .text.task_switch_out
                0x00000470        0xc FreeRTOS/FreeRTOSTraceDriver/FreeRTOSTraceDriver.o
                0x00000470                task_switch_out
 .text.pvPortMalloc
                0x0000047c       0x26 FreeRTOS/src/heap_3.o
                0x0000047c                pvPortMalloc
 .text.vPortFree
                0x000004a2       0x1e FreeRTOS/src/heap_3.o
                0x000004a2                vPortFree
 .text.vListInitialise
                0x000004c0       0x1c FreeRTOS/src/list.o
                0x000004c0                vListInitialise
 .text.vListInitialiseItem
                0x000004dc        0x8 FreeRTOS/src/list.o
                0x000004dc                vListInitialiseItem
 .text.vListInsertEnd
                0x000004e4       0x42 FreeRTOS/src/list.o
                0x000004e4                vListInsertEnd
 .text.vListInsert
                0x00000526       0x62 FreeRTOS/src/list.o
                0x00000526                vListInsert
 .text.uxListRemove
                0x00000588       0x4e FreeRTOS/src/list.o
                0x00000588                uxListRemove
 .text.pxPortInitialiseStack
                0x000005d6       0xe4 FreeRTOS/src/port.o
                0x000005d6                pxPortInitialiseStack
 .text.xPortStartScheduler
                0x000006ba       0x78 FreeRTOS/src/port.o
                0x000006ba                xPortStartScheduler
 .text.vPortYield
                0x00000732       0xc2 FreeRTOS/src/port.o
                0x00000732                vPortYield
 .text.vPortYieldFromTick
                0x000007f4       0xc8 FreeRTOS/src/port.o
                0x000007f4                vPortYieldFromTick
 .text.__vector_12
                0x000008bc        0x4 FreeRTOS/src/port.o
                0x000008bc                __vector_12
 .text.prvIsQueueEmpty
                0x000008c0       0x16 FreeRTOS/src/queue.o
 .text.prvCopyDataToQueue
                0x000008d6       0xbe FreeRTOS/src/queue.o
 .text.prvCopyDataFromQueue
                0x00000994       0x34 FreeRTOS/src/queue.o
 .text.prvUnlockQueue
                0x000009c8       0x9a FreeRTOS/src/queue.o
 .text.xQueueGenericReset
                0x00000a62       0x86 FreeRTOS/src/queue.o
                0x00000a62                xQueueGenericReset
 .text.xQueueGenericCreate
                0x00000ae8       0x5c FreeRTOS/src/queue.o
                0x00000ae8                xQueueGenericCreate
 .text.xQueueGenericSend
                0x00000b44      0x12a FreeRTOS/src/queue.o
                0x00000b44                xQueueGenericSend
 .text.xQueueCreateMutex
                0x00000c6e       0x30 FreeRTOS/src/queue.o
                0x00000c6e                xQueueCreateMutex
 .text.xQueueGenericSendFromISR
                0x00000c9e       0x70 FreeRTOS/src/queue.o
                0x00000c9e                xQueueGenericSendFromISR
 .text.xQueueReceive
                0x00000d0e      0x112 FreeRTOS/src/queue.o
                0x00000d0e                xQueueReceive
 .text.xQueueSemaphoreTake
                0x00000e20      0x178 FreeRTOS/src/queue.o
                0x00000e20                xQueueSemaphoreTake
 .text.vQueueWaitForMessageRestricted
                0x00000f98       0x36 FreeRTOS/src/queue.o
                0x00000f98                vQueueWaitForMessageRestricted
 .text.prvBytesInBuffer
                0x00000fce       0x26 FreeRTOS/src/stream_buffer.o
 .text.prvWriteBytesToBuffer
                0x00000ff4       0x92 FreeRTOS/src/stream_buffer.o
 .text.prvWriteMessageToBuffer
                0x00001086       0x80 FreeRTOS/src/stream_buffer.o
 .text.prvReadBytesFromBuffer
                0x00001106       0x9c FreeRTOS/src/stream_buffer.o
 .text.xStreamBufferGenericCreate
                0x000011a2       0x58 FreeRTOS/src/stream_buffer.o
                0x000011a2                xStreamBufferGenericCreate
 .text.xStreamBufferReset
                0x000011fa       0x5a FreeRTOS/src/stream_buffer.o
                0x000011fa                xStreamBufferReset
 .text.xStreamBufferSpacesAvailable
                0x00001254       0x24 FreeRTOS/src/stream_buffer.o
                0x00001254                xStreamBufferSpacesAvailable
 .text.xStreamBufferSendFromISR
                0x00001278       0x84 FreeRTOS/src/stream_buffer.o
                0x00001278                xStreamBufferSendFromISR
 .text.xStreamBufferReceive
                0x000012fc      0x134 FreeRTOS/src/stream_buffer.o
                0x000012fc                xStreamBufferReceive
 .text.prvResetNextTaskUnblockTime
                0x00001430       0x3e FreeRTOS/src/tasks.o
 .text.prvAddCurrentTaskToDelayedList
                0x0000146e       0xa8 FreeRTOS/src/tasks.o
 .text.xTaskCreate
                0x00001516      0x23c FreeRTOS/src/tasks.o
                0x00001516                xTaskCreate
 .text.vTaskStartScheduler
                0x00001752       0x66 FreeRTOS/src/tasks.o
                0x00001752                vTaskStartScheduler
 .text.vTaskSuspendAll
                0x000017b8        0xc FreeRTOS/src/tasks.o
                0x000017b8                vTaskSuspendAll
 .text.xTaskGetTickCount
                0x000017c4       0x14 FreeRTOS/src/tasks.o
                0x000017c4                xTaskGetTickCount
 .text.xTaskIncrementTick
                0x000017d8      0x174 FreeRTOS/src/tasks.o
                0x000017d8                xTaskIncrementTick
 .text.xTaskResumeAll
                0x0000194c       0xfa FreeRTOS/src/tasks.o
                0x0000194c                xTaskResumeAll
 .text.vTaskDelay
                0x00001a46       0x22 FreeRTOS/src/tasks.o
                0x00001a46                vTaskDelay
 .text.vTaskSetApplicationTaskTag
                0x00001a68       0x1e FreeRTOS/src/tasks.o
                0x00001a68                vTaskSetApplicationTaskTag
 .text.vTaskSwitchContext
                0x00001a86      0x11c FreeRTOS/src/tasks.o
                0x00001a86                vTaskSwitchContext
 .text.vTaskPlaceOnEventList
                0x00001ba2       0x22 FreeRTOS/src/tasks.o
                0x00001ba2                vTaskPlaceOnEventList
 .text.vTaskPlaceOnEventListRestricted
                0x00001bc4       0x30 FreeRTOS/src/tasks.o
                0x00001bc4                vTaskPlaceOnEventListRestricted
 .text.xTaskRemoveFromEventList
                0x00001bf4       0x90 FreeRTOS/src/tasks.o
                0x00001bf4                xTaskRemoveFromEventList
 .text.vTaskInternalSetTimeOutState
                0x00001c84       0x16 FreeRTOS/src/tasks.o
                0x00001c84                vTaskInternalSetTimeOutState
 .text.xTaskCheckForTimeOut
                0x00001c9a       0x6a FreeRTOS/src/tasks.o
                0x00001c9a                xTaskCheckForTimeOut
 .text.vTaskMissedYield
                0x00001d04        0x8 FreeRTOS/src/tasks.o
                0x00001d04                vTaskMissedYield
 .text.xTaskGetCurrentTaskHandle
                0x00001d0c        0xa FreeRTOS/src/tasks.o
                0x00001d0c                xTaskGetCurrentTaskHandle
 .text.xTaskGetSchedulerState
                0x00001d16       0x1c FreeRTOS/src/tasks.o
                0x00001d16                xTaskGetSchedulerState
 .text.xTaskPriorityInherit
                0x00001d32       0xe4 FreeRTOS/src/tasks.o
                0x00001d32                xTaskPriorityInherit
 .text.xTaskPriorityDisinherit
                0x00001e16       0x80 FreeRTOS/src/tasks.o
                0x00001e16                xTaskPriorityDisinherit
 .text.vTaskPriorityDisinheritAfterTimeout
                0x00001e96       0xa0 FreeRTOS/src/tasks.o
                0x00001e96                vTaskPriorityDisinheritAfterTimeout
 .text.pvTaskIncrementMutexHeldCount
                0x00001f36       0x24 FreeRTOS/src/tasks.o
                0x00001f36                pvTaskIncrementMutexHeldCount
 .text.xTaskNotifyWait
                0x00001f5a      0x106 FreeRTOS/src/tasks.o
                0x00001f5a                xTaskNotifyWait
 .text.xTaskGenericNotify
                0x00002060       0xfc FreeRTOS/src/tasks.o
                0x00002060                xTaskGenericNotify
 .text.xTaskGenericNotifyFromISR
                0x0000215c      0x120 FreeRTOS/src/tasks.o
                0x0000215c                xTaskGenericNotifyFromISR
 .text.xTaskNotifyStateClear
                0x0000227c       0x28 FreeRTOS/src/tasks.o
                0x0000227c                xTaskNotifyStateClear
 .text.prvInsertTimerInActiveList
                0x000022a4       0x5e FreeRTOS/src/timers.o
 .text.prvCheckForValidListAndQueue
                0x00002302       0x52 FreeRTOS/src/timers.o
 .text.xTimerCreateTimerTask
                0x00002354       0x40 FreeRTOS/src/timers.o
                0x00002354                xTimerCreateTimerTask
 .text.xTimerGenericCommand
                0x00002394       0x8e FreeRTOS/src/timers.o
                0x00002394                xTimerGenericCommand
 .text.prvSampleTimeNow
                0x00002422       0xdc FreeRTOS/src/timers.o
 .text.vApplicationIdleHook
                0x000024fe        0x2 FreeRTOS/src/variantHooks.o
                0x000024fe                vApplicationIdleHook
 .text.vApplicationMallocFailedHook
                0x00002500       0x1a FreeRTOS/src/variantHooks.o
                0x00002500                vApplicationMallocFailedHook
 .text.vApplicationStackOverflowHook
                0x0000251a       0x1a FreeRTOS/src/variantHooks.o
                0x0000251a                vApplicationStackOverflowHook
 .text.my_co2_call_back
                0x00002534        0xa main.o
                0x00002534                my_co2_call_back
 .text.task_read_temperature
                0x0000253e       0xbc main.o
                0x0000253e                task_read_temperature
 .text.task_read_humidity
                0x000025fa       0xbc main.o
                0x000025fa                task_read_humidity
 .text.lora_handler_task
                0x000026b6      0x2a8 main.o
                0x000026b6                lora_handler_task
 .text.task_read_co2
                0x0000295e       0x60 main.o
                0x0000295e                task_read_co2
 .text.innitialise
                0x000029be       0x3a main.o
                0x000029be                innitialise
 .text.create_tasks_and_semaphores
                0x000029f8      0x104 main.o
                0x000029f8                create_tasks_and_semaphores
 .text.main     0x00002afc       0x16 main.o
                0x00002afc                main
 .text.hal_create
                0x00002b12       0x64 ../drivers\libIotLibrary.a(hal.o)
                0x00002b12                hal_create
 .text._hihTwiCallback
                0x00002b76       0x5a ../drivers\libIotLibrary.a(hih8120.o)
 .text.hih8120Create
                0x00002bd0       0x30 ../drivers\libIotLibrary.a(hih8120.o)
                0x00002bd0                hih8120Create
 .text.hih8120Wakeup
                0x00002c00       0x2a ../drivers\libIotLibrary.a(hih8120.o)
                0x00002c00                hih8120Wakeup
 .text.hih8120Meassure
                0x00002c2a       0x22 ../drivers\libIotLibrary.a(hih8120.o)
                0x00002c2a                hih8120Meassure
 .text.hih8120GetHumidity
                0x00002c4c       0x2a ../drivers\libIotLibrary.a(hih8120.o)
                0x00002c4c                hih8120GetHumidity
 .text.hih8120GetHumidityPercent_x10
                0x00002c76       0x16 ../drivers\libIotLibrary.a(hih8120.o)
                0x00002c76                hih8120GetHumidityPercent_x10
 .text.hih8120GetTemperature
                0x00002c8c       0x36 ../drivers\libIotLibrary.a(hih8120.o)
                0x00002c8c                hih8120GetTemperature
 .text.hih8120GetTemperature_x10
                0x00002cc2       0x16 ../drivers\libIotLibrary.a(hih8120.o)
                0x00002cc2                hih8120GetTemperature_x10
 .text._turn_off
                0x00002cd8       0x5c ../drivers\libIotLibrary.a(led.o)
 .text._turn_on
                0x00002d34       0x5c ../drivers\libIotLibrary.a(led.o)
 .text._hal_led_task
                0x00002d90       0x88 ../drivers\libIotLibrary.a(led.o)
 .text.led_create
                0x00002e18      0x10a ../drivers\libIotLibrary.a(led.o)
                0x00002e18                led_create
 .text.led_slow_blink
                0x00002f22       0x4e ../drivers\libIotLibrary.a(led.o)
                0x00002f22                led_slow_blink
 .text.led_fast_blink
                0x00002f70       0x4e ../drivers\libIotLibrary.a(led.o)
                0x00002f70                led_fast_blink
 .text.led_led_on
                0x00002fbe       0x1e ../drivers\libIotLibrary.a(led.o)
                0x00002fbe                led_led_on
 .text.led_led_off
                0x00002fdc       0x1e ../drivers\libIotLibrary.a(led.o)
                0x00002fdc                led_led_off
 .text.led_long_puls
                0x00002ffa       0x24 ../drivers\libIotLibrary.a(led.o)
                0x00002ffa                led_long_puls
 .text.led_short_puls
                0x0000301e       0x24 ../drivers\libIotLibrary.a(led.o)
                0x0000301e                led_short_puls
 .text._serial_call_back
                0x00003042       0x8c ../drivers\libIotLibrary.a(lora_driver.o)
 .text._upload_message
                0x000030ce       0xb0 ../drivers\libIotLibrary.a(lora_driver.o)
 .text._reply2return_code
                0x0000317e       0x76 ../drivers\libIotLibrary.a(lora_driver.o)
 .text._upload_message_rc
                0x000031f4        0x6 ../drivers\libIotLibrary.a(lora_driver.o)
 .text.lora_driver_flush_buffers
                0x000031fa        0xe ../drivers\libIotLibrary.a(lora_driver.o)
                0x000031fa                lora_driver_flush_buffers
 .text.lora_driver_create
                0x00003208       0x78 ../drivers\libIotLibrary.a(lora_driver.o)
                0x00003208                lora_driver_create
 .text.lora_driver_reset_rn2483
                0x00003280       0x28 ../drivers\libIotLibrary.a(lora_driver.o)
                0x00003280                lora_driver_reset_rn2483
 .text.lora_driver_rn2483_factory_reset
                0x000032a8       0x24 ../drivers\libIotLibrary.a(lora_driver.o)
                0x000032a8                lora_driver_rn2483_factory_reset
 .text.lora_driver_get_rn2483_hweui
                0x000032cc       0x38 ../drivers\libIotLibrary.a(lora_driver.o)
                0x000032cc                lora_driver_get_rn2483_hweui
 .text.lora_driver_set_device_identifier
                0x00003304       0x22 ../drivers\libIotLibrary.a(lora_driver.o)
                0x00003304                lora_driver_set_device_identifier
 .text.lora_driver_set_application_identifier
                0x00003326       0x22 ../drivers\libIotLibrary.a(lora_driver.o)
                0x00003326                lora_driver_set_application_identifier
 .text.lora_driver_set_application_key
                0x00003348       0x22 ../drivers\libIotLibrary.a(lora_driver.o)
                0x00003348                lora_driver_set_application_key
 .text.lora_driver_save_mac
                0x0000336a        0xc ../drivers\libIotLibrary.a(lora_driver.o)
                0x0000336a                lora_driver_save_mac
 .text.lora_driver_join
                0x00003376       0x46 ../drivers\libIotLibrary.a(lora_driver.o)
                0x00003376                lora_driver_join
 .text.lora_driver_sent_upload_message
                0x000033bc      0x130 ../drivers\libIotLibrary.a(lora_driver.o)
                0x000033bc                lora_driver_sent_upload_message
 .text.lora_driver_set_adaptive_data_rate
                0x000034ec       0x16 ../drivers\libIotLibrary.a(lora_driver.o)
                0x000034ec                lora_driver_set_adaptive_data_rate
 .text.lora_driver_configure_to_eu868
                0x00003502      0x1bc ../drivers\libIotLibrary.a(lora_driver.o)
                0x00003502                lora_driver_configure_to_eu868
 .text.lora_driver_set_otaa_identity
                0x000036be       0x42 ../drivers\libIotLibrary.a(lora_driver.o)
                0x000036be                lora_driver_set_otaa_identity
 .text.lora_driver_map_return_code_to_text
                0x00003700       0x18 ../drivers\libIotLibrary.a(lora_driver.o)
                0x00003700                lora_driver_map_return_code_to_text
 .text.decode_port_no
                0x00003718       0x58 ../drivers\libIotLibrary.a(lora_driver_utils.o)
                0x00003718                decode_port_no
 .text.decode_hexadecimal_string_bytes
                0x00003770       0x92 ../drivers\libIotLibrary.a(lora_driver_utils.o)
                0x00003770                decode_hexadecimal_string_bytes
 .text.reg_read_register
                0x00003802        0x6 ../drivers\libIotLibrary.a(mega_register_access.o)
                0x00003802                reg_read_register
 .text.reg_read_bit
                0x00003808       0x16 ../drivers\libIotLibrary.a(mega_register_access.o)
                0x00003808                reg_read_bit
 .text.reg_read_bits
                0x0000381e        0x8 ../drivers\libIotLibrary.a(mega_register_access.o)
                0x0000381e                reg_read_bits
 .text.reg_set_register
                0x00003826        0x6 ../drivers\libIotLibrary.a(mega_register_access.o)
                0x00003826                reg_set_register
 .text.reg_clear_register
                0x0000382c        0x6 ../drivers\libIotLibrary.a(mega_register_access.o)
                0x0000382c                reg_clear_register
 .text.reg_set_bit
                0x00003832       0x18 ../drivers\libIotLibrary.a(mega_register_access.o)
                0x00003832                reg_set_bit
 .text.reg_set_bits
                0x0000384a        0xa ../drivers\libIotLibrary.a(mega_register_access.o)
                0x0000384a                reg_set_bits
 .text.reg_toggle_bit
                0x00003854       0x18 ../drivers\libIotLibrary.a(mega_register_access.o)
                0x00003854                reg_toggle_bit
 .text.reg_toggle_bits
                0x0000386c        0xa ../drivers\libIotLibrary.a(mega_register_access.o)
                0x0000386c                reg_toggle_bits
 .text.reg_clear_bit
                0x00003876       0x1a ../drivers\libIotLibrary.a(mega_register_access.o)
                0x00003876                reg_clear_bit
 .text.reg_clear_bits
                0x00003890        0xc ../drivers\libIotLibrary.a(mega_register_access.o)
                0x00003890                reg_clear_bits
 .text._serial_call_back
                0x0000389c       0xb6 ../drivers\libIotLibrary.a(mh_z19.o)
 .text.mh_z19_create
                0x00003952       0x5c ../drivers\libIotLibrary.a(mh_z19.o)
                0x00003952                mh_z19_create
 .text.mh_z19_take_meassuring
                0x000039ae       0x5e ../drivers\libIotLibrary.a(mh_z19.o)
                0x000039ae                mh_z19_take_meassuring
 .text.serial_new_instance
                0x00003a0c      0x12c ../drivers\libIotLibrary.a(serial.o)
                0x00003a0c                serial_new_instance
 .text.serial_send_byte
                0x00003b38       0x4a ../drivers\libIotLibrary.a(serial.o)
                0x00003b38                serial_send_byte
 .text.serial_send_bytes
                0x00003b82       0xa0 ../drivers\libIotLibrary.a(serial.o)
                0x00003b82                serial_send_bytes
 .text.serial_get_byte
                0x00003c22       0x38 ../drivers\libIotLibrary.a(serial.o)
                0x00003c22                serial_get_byte
 .text.__vector_25
                0x00003c5a       0xa4 ../drivers\libIotLibrary.a(serial.o)
                0x00003c5a                __vector_25
 .text.__vector_26
                0x00003cfe       0x88 ../drivers\libIotLibrary.a(serial.o)
                0x00003cfe                __vector_26
 .text.__vector_36
                0x00003d86       0xa4 ../drivers\libIotLibrary.a(serial.o)
                0x00003d86                __vector_36
 .text.__vector_37
                0x00003e2a       0x88 ../drivers\libIotLibrary.a(serial.o)
                0x00003e2a                __vector_37
 .text.__vector_51
                0x00003eb2       0xa4 ../drivers\libIotLibrary.a(serial.o)
                0x00003eb2                __vector_51
 .text.__vector_52
                0x00003f56       0x88 ../drivers\libIotLibrary.a(serial.o)
                0x00003f56                __vector_52
 .text.__vector_54
                0x00003fde       0xa4 ../drivers\libIotLibrary.a(serial.o)
                0x00003fde                __vector_54
 .text.__vector_55
                0x00004082       0x88 ../drivers\libIotLibrary.a(serial.o)
                0x00004082                __vector_55
 .text.usart_getchar
                0x0000410a       0x2a ../drivers\libIotLibrary.a(stdio_driver.o)
 .text.usart_putchar
                0x00004134       0x12 ../drivers\libIotLibrary.a(stdio_driver.o)
 .text.stdioCreate
                0x00004146       0x52 ../drivers\libIotLibrary.a(stdio_driver.o)
                0x00004146                stdioCreate
 .text._initTwiInterface
                0x00004198       0x22 ../drivers\libIotLibrary.a(twi.o)
 .text.twiCreate
                0x000041ba       0x9a ../drivers\libIotLibrary.a(twi.o)
                0x000041ba                twiCreate
 .text.twiIsBusy
                0x00004254        0x8 ../drivers\libIotLibrary.a(twi.o)
                0x00004254                twiIsBusy
 .text.twiTransmit
                0x0000425c       0x98 ../drivers\libIotLibrary.a(twi.o)
                0x0000425c                twiTransmit
 .text.twiReceive
                0x000042f4       0x66 ../drivers\libIotLibrary.a(twi.o)
                0x000042f4                twiReceive
 .text.__vector_39
                0x0000435a      0x17a ../drivers\libIotLibrary.a(twi.o)
                0x0000435a                __vector_39
 .text.fifo_init
                0x000044d4       0x38 ../drivers\libIotLibrary.a(fifo.o)
                0x000044d4                fifo_init
 .text.avr-libc.fplib
                0x0000450c        0xa c:/program files (x86)/atmel/studio/7.0/toolchain/avr8/avr8-gnu-toolchain/bin/../lib/gcc/avr/5.4.0/../../../../avr/lib/avr6\libm.a(addsf3.o)
                0x0000450c                __subsf3
                0x0000450e                __addsf3
 .text.avr-libc.fplib
                0x00004516       0xc0 c:/program files (x86)/atmel/studio/7.0/toolchain/avr8/avr8-gnu-toolchain/bin/../lib/gcc/avr/5.4.0/../../../../avr/lib/avr6\libm.a(addsf3x.o)
                0x00004530                __addsf3x
 .text.avr-libc.fplib
                0x000045d6        0x4 c:/program files (x86)/atmel/studio/7.0/toolchain/avr8/avr8-gnu-toolchain/bin/../lib/gcc/avr/5.4.0/../../../../avr/lib/avr6\libm.a(divsf3.o)
                0x000045d6                __divsf3
 .text.avr-libc.fplib
                0x000045da       0xcc c:/program files (x86)/atmel/studio/7.0/toolchain/avr8/avr8-gnu-toolchain/bin/../lib/gcc/avr/5.4.0/../../../../avr/lib/avr6\libm.a(divsf3x.o)
                0x000045f0                __divsf3x
                0x000045f4                __divsf3_pse
 .text.avr-libc.fplib
                0x000046a6        0xa c:/program files (x86)/atmel/studio/7.0/toolchain/avr8/avr8-gnu-toolchain/bin/../lib/gcc/avr/5.4.0/../../../../avr/lib/avr6\libm.a(fixsfsi.o)
                0x000046a6                __fixsfsi
 .text.avr-libc.fplib
                0x000046b0       0x58 c:/program files (x86)/atmel/studio/7.0/toolchain/avr8/avr8-gnu-toolchain/bin/../lib/gcc/avr/5.4.0/../../../../avr/lib/avr6\libm.a(fixunssfsi.o)
                0x000046b0                __fixunssfsi
 .text.avr-libc.fplib
                0x00004708       0x7a c:/program files (x86)/atmel/studio/7.0/toolchain/avr8/avr8-gnu-toolchain/bin/../lib/gcc/avr/5.4.0/../../../../avr/lib/avr6\libm.a(floatsisf.o)
                0x00004708                __floatunsisf
                0x0000470c                __floatsisf
 .text.avr-libc.fplib
                0x00004782        0xc c:/program files (x86)/atmel/studio/7.0/toolchain/avr8/avr8-gnu-toolchain/bin/../lib/gcc/avr/5.4.0/../../../../avr/lib/avr6\libm.a(fp_inf.o)
                0x00004782                __fp_inf
 .text.avr-libc.fplib
                0x0000478e        0x6 c:/program files (x86)/atmel/studio/7.0/toolchain/avr8/avr8-gnu-toolchain/bin/../lib/gcc/avr/5.4.0/../../../../avr/lib/avr6\libm.a(fp_nan.o)
                0x0000478e                __fp_nan
 .text.avr-libc.fplib
                0x00004794        0xe c:/program files (x86)/atmel/studio/7.0/toolchain/avr8/avr8-gnu-toolchain/bin/../lib/gcc/avr/5.4.0/../../../../avr/lib/avr6\libm.a(fp_pscA.o)
                0x00004794                __fp_pscA
 .text.avr-libc.fplib
                0x000047a2        0xe c:/program files (x86)/atmel/studio/7.0/toolchain/avr8/avr8-gnu-toolchain/bin/../lib/gcc/avr/5.4.0/../../../../avr/lib/avr6\libm.a(fp_pscB.o)
                0x000047a2                __fp_pscB
 .text.avr-libc.fplib
                0x000047b0       0x22 c:/program files (x86)/atmel/studio/7.0/toolchain/avr8/avr8-gnu-toolchain/bin/../lib/gcc/avr/5.4.0/../../../../avr/lib/avr6\libm.a(fp_round.o)
                0x000047b0                __fp_round
 .text.avr-libc.fplib
                0x000047d2       0x44 c:/program files (x86)/atmel/studio/7.0/toolchain/avr8/avr8-gnu-toolchain/bin/../lib/gcc/avr/5.4.0/../../../../avr/lib/avr6\libm.a(fp_split3.o)
                0x000047d2                __fp_split3
                0x000047e2                __fp_splitA
 .text.avr-libc.fplib
                0x00004816        0xe c:/program files (x86)/atmel/studio/7.0/toolchain/avr8/avr8-gnu-toolchain/bin/../lib/gcc/avr/5.4.0/../../../../avr/lib/avr6\libm.a(fp_zero.o)
                0x00004816                __fp_zero
                0x00004818                __fp_szero
 .text.avr-libc.fplib
                0x00004824        0x4 c:/program files (x86)/atmel/studio/7.0/toolchain/avr8/avr8-gnu-toolchain/bin/../lib/gcc/avr/5.4.0/../../../../avr/lib/avr6\libm.a(mulsf3.o)
                0x00004824                __mulsf3
 .text.avr-libc.fplib
                0x00004828       0xc2 c:/program files (x86)/atmel/studio/7.0/toolchain/avr8/avr8-gnu-toolchain/bin/../lib/gcc/avr/5.4.0/../../../../avr/lib/avr6\libm.a(mulsf3x.o)
                0x0000483c                __mulsf3x
                0x00004840                __mulsf3_pse
 .text.libgcc.div
                0x000048ea       0x44 c:/program files (x86)/atmel/studio/7.0/toolchain/avr8/avr8-gnu-toolchain/bin/../lib/gcc/avr/5.4.0/avr6\libgcc.a(_udivmodsi4.o)
                0x000048ea                __udivmodsi4
 .text.libgcc   0x0000492e       0x10 c:/program files (x86)/atmel/studio/7.0/toolchain/avr8/avr8-gnu-toolchain/bin/../lib/gcc/avr/5.4.0/avr6\libgcc.a(_tablejump2.o)
                0x0000492e                __tablejump2__
 .text.avr-libc
                0x0000493e       0x34 c:/program files (x86)/atmel/studio/7.0/toolchain/avr8/avr8-gnu-toolchain/bin/../lib/gcc/avr/5.4.0/../../../../avr/lib/avr6\libc.a(calloc.o)
                0x0000493e                calloc
 .text.avr-libc
                0x00004972      0x242 c:/program files (x86)/atmel/studio/7.0/toolchain/avr8/avr8-gnu-toolchain/bin/../lib/gcc/avr/5.4.0/../../../../avr/lib/avr6\libc.a(malloc.o)
                0x00004972                malloc
                0x00004aa2                free
 .text.avr-libc
                0x00004bb4        0x8 c:/program files (x86)/atmel/studio/7.0/toolchain/avr8/avr8-gnu-toolchain/bin/../lib/gcc/avr/5.4.0/../../../../avr/lib/avr6\libc.a(abort.o)
                0x00004bb4                abort
 .text.avr-libc
                0x00004bbc       0x12 c:/program files (x86)/atmel/studio/7.0/toolchain/avr8/avr8-gnu-toolchain/bin/../lib/gcc/avr/5.4.0/../../../../avr/lib/avr6\libc.a(memcpy.o)
                0x00004bbc                memcpy
 .text.avr-libc
                0x00004bce        0xe c:/program files (x86)/atmel/studio/7.0/toolchain/avr8/avr8-gnu-toolchain/bin/../lib/gcc/avr/5.4.0/../../../../avr/lib/avr6\libc.a(memset.o)
                0x00004bce                memset
 .text.avr-libc
                0x00004bdc       0x16 c:/program files (x86)/atmel/studio/7.0/toolchain/avr8/avr8-gnu-toolchain/bin/../lib/gcc/avr/5.4.0/../../../../avr/lib/avr6\libc.a(strcat.o)
                0x00004bdc                strcat
 .text.avr-libc
                0x00004bf2        0xe c:/program files (x86)/atmel/studio/7.0/toolchain/avr8/avr8-gnu-toolchain/bin/../lib/gcc/avr/5.4.0/../../../../avr/lib/avr6\libc.a(strcpy.o)
                0x00004bf2                strcpy
 .text.avr-libc
                0x00004c00       0x30 c:/program files (x86)/atmel/studio/7.0/toolchain/avr8/avr8-gnu-toolchain/bin/../lib/gcc/avr/5.4.0/../../../../avr/lib/avr6\libc.a(strncasecmp.o)
                0x00004c00                strncasecmp
 .text.avr-libc
                0x00004c30       0x26 c:/program files (x86)/atmel/studio/7.0/toolchain/avr8/avr8-gnu-toolchain/bin/../lib/gcc/avr/5.4.0/../../../../avr/lib/avr6\libc.a(printf.o)
                0x00004c30                printf
 .text.avr-libc
                0x00004c56       0x60 c:/program files (x86)/atmel/studio/7.0/toolchain/avr8/avr8-gnu-toolchain/bin/../lib/gcc/avr/5.4.0/../../../../avr/lib/avr6\libc.a(puts.o)
                0x00004c56                puts
 .text.avr-libc
                0x00004cb6       0x5c c:/program files (x86)/atmel/studio/7.0/toolchain/avr8/avr8-gnu-toolchain/bin/../lib/gcc/avr/5.4.0/../../../../avr/lib/avr6\libc.a(sprintf.o)
                0x00004cb6                sprintf
 .text.avr-libc
                0x00004d12      0x3fa c:/program files (x86)/atmel/studio/7.0/toolchain/avr8/avr8-gnu-toolchain/bin/../lib/gcc/avr/5.4.0/../../../../avr/lib/avr6\libc.a(vfprintf_std.o)
                0x00004d12                vfprintf
 .text.avr-libc
                0x0000510c       0x16 c:/program files (x86)/atmel/studio/7.0/toolchain/avr8/avr8-gnu-toolchain/bin/../lib/gcc/avr/5.4.0/../../../../avr/lib/avr6\libc.a(strnlen_P.o)
                0x0000510c                strnlen_P
 .text.avr-libc
                0x00005122       0x16 c:/program files (x86)/atmel/studio/7.0/toolchain/avr8/avr8-gnu-toolchain/bin/../lib/gcc/avr/5.4.0/../../../../avr/lib/avr6\libc.a(strnlen.o)
                0x00005122                strnlen
 .text.avr-libc
                0x00005138       0x78 c:/program files (x86)/atmel/studio/7.0/toolchain/avr8/avr8-gnu-toolchain/bin/../lib/gcc/avr/5.4.0/../../../../avr/lib/avr6\libc.a(fputc.o)
                0x00005138                fputc
 .text.avr-libc
                0x000051b0       0xbc c:/program files (x86)/atmel/studio/7.0/toolchain/avr8/avr8-gnu-toolchain/bin/../lib/gcc/avr/5.4.0/../../../../avr/lib/avr6\libc.a(ultoa_invert.o)
                0x000051b0                __ultoa_invert
                0x0000526c                . = ALIGN (0x2)
 *(.fini9)
 .fini9         0x0000526c        0x0 c:/program files (x86)/atmel/studio/7.0/toolchain/avr8/avr8-gnu-toolchain/bin/../lib/gcc/avr/5.4.0/avr6\libgcc.a(_exit.o)
                0x0000526c                _exit
                0x0000526c                exit
 *(.fini9)
 *(.fini8)
 *(.fini8)
 *(.fini7)
 *(.fini7)
 *(.fini6)
 *(.fini6)
 *(.fini5)
 *(.fini5)
 *(.fini4)
 *(.fini4)
 *(.fini3)
 *(.fini3)
 *(.fini2)
 *(.fini2)
 *(.fini1)
 *(.fini1)
 *(.fini0)
 .fini0         0x0000526c        0x4 c:/program files (x86)/atmel/studio/7.0/toolchain/avr8/avr8-gnu-toolchain/bin/../lib/gcc/avr/5.4.0/avr6\libgcc.a(_exit.o)
 *(.fini0)
                0x00005270                _etext = .

.data           0x00800200      0x574 load address 0x00005270
                0x00800200                PROVIDE (__data_start, .)
 *(.data)
 .data          0x00800200        0x6 c:/program files (x86)/atmel/studio/7.0/toolchain/avr8/avr8-gnu-toolchain/bin/../lib/gcc/avr/5.4.0/../../../../avr/lib/avr6\libc.a(malloc.o)
                0x00800200                __malloc_heap_end
                0x00800202                __malloc_heap_start
                0x00800204                __malloc_margin
 *(.data*)
 .data._temp    0x00800206        0x2 ../drivers\libIotLibrary.a(hih8120.o)
 .data._hum     0x00800208        0x2 ../drivers\libIotLibrary.a(hih8120.o)
 .data._com_port_2_udr
                0x0080020a        0x8 ../drivers\libIotLibrary.a(serial.o)
                0x0080020a                _com_port_2_udr
 .data.mystdout.1881
                0x00800212        0xe ../drivers\libIotLibrary.a(stdio_driver.o)
 .data._twiCurrentState
                0x00800220        0x1 ../drivers\libIotLibrary.a(twi.o)
 *(.gnu.linkonce.d*)
 *(.rodata)
 .rodata        0x00800221       0x20 ../drivers\libIotLibrary.a(lora_driver.o)
 .rodata        0x00800241       0x2d ../drivers\libIotLibrary.a(mh_z19.o)
 *(.rodata*)
 .rodata.str1.1
                0x0080026e        0x5 FreeRTOS/src/tasks.o
 .rodata.str1.1
                0x00800273        0x8 FreeRTOS/src/timers.o
 .rodata.str1.1
                0x0080027b      0x224 main.o
 .rodata.str1.1
                0x0080049f       0x1f ../drivers\libIotLibrary.a(led.o)
 .rodata.str1.1
                0x008004be      0x27f ../drivers\libIotLibrary.a(lora_driver.o)
                                0x28f (size before relaxing)
 .rodata._join_mode
                0x0080073d        0x4 ../drivers\libIotLibrary.a(lora_driver.o)
 .rodata._return_code
                0x00800741       0x33 ../drivers\libIotLibrary.a(lora_driver.o)
                0x00800741                _return_code
 *(.gnu.linkonce.r*)
                0x00800774                . = ALIGN (0x2)
                0x00800774                _edata = .
                0x00800774                PROVIDE (__data_end, .)

.bss            0x00800774      0x287
                0x00800774                PROVIDE (__bss_start, .)
 *(.bss)
 *(.bss*)
 .bss.uxSchedulerSuspended
                0x00800774        0x1 FreeRTOS/src/tasks.o
 .bss.xIdleTaskHandle
                0x00800775        0x2 FreeRTOS/src/tasks.o
 .bss.xNextTaskUnblockTime
                0x00800777        0x2 FreeRTOS/src/tasks.o
 .bss.uxTaskNumber
                0x00800779        0x1 FreeRTOS/src/tasks.o
 .bss.xNumOfOverflows
                0x0080077a        0x1 FreeRTOS/src/tasks.o
 .bss.xYieldPending
                0x0080077b        0x1 FreeRTOS/src/tasks.o
 .bss.uxPendedTicks
                0x0080077c        0x1 FreeRTOS/src/tasks.o
 .bss.xSchedulerRunning
                0x0080077d        0x1 FreeRTOS/src/tasks.o
 .bss.uxTopReadyPriority
                0x0080077e        0x1 FreeRTOS/src/tasks.o
 .bss.xTickCount
                0x0080077f        0x2 FreeRTOS/src/tasks.o
 .bss.uxCurrentNumberOfTasks
                0x00800781        0x1 FreeRTOS/src/tasks.o
 .bss.xSuspendedTaskList
                0x00800782        0x9 FreeRTOS/src/tasks.o
 .bss.uxDeletedTasksWaitingCleanUp
                0x0080078b        0x1 FreeRTOS/src/tasks.o
 .bss.xTasksWaitingTermination
                0x0080078c        0x9 FreeRTOS/src/tasks.o
 .bss.xPendingReadyList
                0x00800795        0x9 FreeRTOS/src/tasks.o
 .bss.pxOverflowDelayedTaskList
                0x0080079e        0x2 FreeRTOS/src/tasks.o
 .bss.pxDelayedTaskList
                0x008007a0        0x2 FreeRTOS/src/tasks.o
 .bss.xDelayedTaskList2
                0x008007a2        0x9 FreeRTOS/src/tasks.o
 .bss.xDelayedTaskList1
                0x008007ab        0x9 FreeRTOS/src/tasks.o
 .bss.pxReadyTasksLists
                0x008007b4       0x24 FreeRTOS/src/tasks.o
 .bss.pxCurrentTCB
                0x008007d8        0x2 FreeRTOS/src/tasks.o
                0x008007d8                pxCurrentTCB
 .bss.xLastTime.2432
                0x008007da        0x2 FreeRTOS/src/timers.o
 .bss.xTimerTaskHandle
                0x008007dc        0x2 FreeRTOS/src/timers.o
 .bss.xTimerQueue
                0x008007de        0x2 FreeRTOS/src/timers.o
 .bss.pxOverflowTimerList
                0x008007e0        0x2 FreeRTOS/src/timers.o
 .bss.pxCurrentTimerList
                0x008007e2        0x2 FreeRTOS/src/timers.o
 .bss.xActiveTimerList2
                0x008007e4        0x9 FreeRTOS/src/timers.o
 .bss.xActiveTimerList1
                0x008007ed        0x9 FreeRTOS/src/timers.o
 .bss._uplink_payload
                0x008007f6       0x16 main.o
 .bss._out_buf  0x0080080c       0x64 main.o
 .bss._measuringIsReady
                0x00800870        0x1 ../drivers\libIotLibrary.a(hih8120.o)
 .bss._hih8120Handler
                0x00800871        0x2 ../drivers\libIotLibrary.a(hih8120.o)
 .bss._led_status
                0x00800873       0x18 ../drivers\libIotLibrary.a(led.o)
 .bss._tmp_buf.2919
                0x0080088b       0x64 ../drivers\libIotLibrary.a(lora_driver.o)
 .bss.rec_buf_inp.2926
                0x008008ef        0x1 ../drivers\libIotLibrary.a(lora_driver.o)
 .bss._reply_buffer_handle
                0x008008f0        0x2 ../drivers\libIotLibrary.a(lora_driver.o)
 .bss._rn2483_serial
                0x008008f2        0x2 ../drivers\libIotLibrary.a(lora_driver.o)
 .bss._downlink_payload
                0x008008f4       0x16 ../drivers\libIotLibrary.a(lora_driver.o)
 .bss._pay_load_hex_bytes
                0x0080090a       0x15 ../drivers\libIotLibrary.a(lora_driver.o)
 .bss._rec_message_buf
                0x0080091f       0x2d ../drivers\libIotLibrary.a(lora_driver.o)
 .bss._send_message
                0x0080094c       0x2d ../drivers\libIotLibrary.a(lora_driver.o)
 .bss._reply_mess
                0x00800979       0x2d ../drivers\libIotLibrary.a(lora_driver.o)
 .bss.data.1940
                0x008009a6        0x2 ../drivers\libIotLibrary.a(mh_z19.o)
 .bss.inDex.1939
                0x008009a8        0x1 ../drivers\libIotLibrary.a(mh_z19.o)
 .bss.crc_sum.1941
                0x008009a9        0x1 ../drivers\libIotLibrary.a(mh_z19.o)
 .bss._app_call_back
                0x008009aa        0x2 ../drivers\libIotLibrary.a(mh_z19.o)
 .bss._mh_state
                0x008009ac        0x1 ../drivers\libIotLibrary.a(mh_z19.o)
                0x008009ac                _mh_state
 .bss._ppm      0x008009ad        0x2 ../drivers\libIotLibrary.a(mh_z19.o)
 .bss._serial   0x008009af        0x2 ../drivers\libIotLibrary.a(mh_z19.o)
 .bss._ser_handle
                0x008009b1        0x8 ../drivers\libIotLibrary.a(serial.o)
 .bss._com_serial_instance
                0x008009b9        0x2 ../drivers\libIotLibrary.a(stdio_driver.o)
 .bss._index.1885
                0x008009bb        0x1 ../drivers\libIotLibrary.a(twi.o)
 .bss._twiCurrentHandler
                0x008009bc        0x2 ../drivers\libIotLibrary.a(twi.o)
 .bss._twiMessageLen
                0x008009be        0x1 ../drivers\libIotLibrary.a(twi.o)
 .bss._twiMessageBuffer
                0x008009bf        0xa ../drivers\libIotLibrary.a(twi.o)
 .bss._twiIsInitiated
                0x008009c9        0x1 ../drivers\libIotLibrary.a(twi.o)
 *(COMMON)
 COMMON         0x008009ca       0x11 main.o
                0x008009ca                rc
                0x008009cb                xHumSemaphore
                0x008009cd                temperature_queue
                0x008009cf                mainPpm
                0x008009d1                xTempSemaphore
                0x008009d3                humidity_queue
                0x008009d5                xSharedSensorSemaphore
                0x008009d7                xCo2Semaphore
                0x008009d9                co2_queue
 COMMON         0x008009db       0x16 ../drivers\libIotLibrary.a(hal.o)
                0x008009db                register_access
 COMMON         0x008009f1        0x4 c:/program files (x86)/atmel/studio/7.0/toolchain/avr8/avr8-gnu-toolchain/bin/../lib/gcc/avr/5.4.0/../../../../avr/lib/avr6\libc.a(malloc.o)
                0x008009f1                __brkval
                0x008009f3                __flp
 COMMON         0x008009f5        0x6 c:/program files (x86)/atmel/studio/7.0/toolchain/avr8/avr8-gnu-toolchain/bin/../lib/gcc/avr/5.4.0/../../../../avr/lib/avr6\libc.a(iob.o)
                0x008009f5                __iob
                0x008009fb                PROVIDE (__bss_end, .)
                0x00005270                __data_load_start = LOADADDR (.data)
                0x000057e4                __data_load_end = (__data_load_start + SIZEOF (.data))

.noinit         0x008009fb        0x0
                [!provide]                PROVIDE (__noinit_start, .)
 *(.noinit*)
                [!provide]                PROVIDE (__noinit_end, .)
                0x008009fb                _end = .
                0x008009fb                PROVIDE (__heap_start, .)

.eeprom         0x00810000        0x0
 *(.eeprom*)
                0x00810000                __eeprom_end = .

.fuse
 *(.fuse)
 *(.lfuse)
 *(.hfuse)
 *(.efuse)

.lock
 *(.lock*)

.signature
 *(.signature*)

.user_signatures
 *(.user_signatures*)

.stab
 *(.stab)

.stabstr
 *(.stabstr)

.stab.excl
 *(.stab.excl)

.stab.exclstr
 *(.stab.exclstr)

.stab.index
 *(.stab.index)

.stab.indexstr
 *(.stab.indexstr)

.comment        0x00000000       0x8c
 *(.comment)
 .comment       0x00000000       0x30 FreeRTOS/FreeRTOSTraceDriver/FreeRTOSTraceDriver.o
                                 0x31 (size before relaxing)
 .comment       0x00000030       0x31 FreeRTOS/src/heap_3.o
 .comment       0x00000030       0x31 FreeRTOS/src/list.o
 .comment       0x00000030       0x31 FreeRTOS/src/port.o
 .comment       0x00000030       0x31 FreeRTOS/src/queue.o
 .comment       0x00000030       0x31 FreeRTOS/src/stream_buffer.o
 .comment       0x00000030       0x31 FreeRTOS/src/tasks.o
 .comment       0x00000030       0x31 FreeRTOS/src/timers.o
 .comment       0x00000030       0x31 FreeRTOS/src/variantHooks.o
 .comment       0x00000030       0x31 main.o
 .comment       0x00000030       0x30 ../drivers\libIotLibrary.a(hal.o)
                                 0x31 (size before relaxing)
 .comment       0x00000060       0x31 ../drivers\libIotLibrary.a(hih8120.o)
 .comment       0x00000060       0x31 ../drivers\libIotLibrary.a(led.o)
 .comment       0x00000060       0x31 ../drivers\libIotLibrary.a(lora_driver.o)
 .comment       0x00000060       0x31 ../drivers\libIotLibrary.a(lora_driver_utils.o)
 .comment       0x00000060       0x31 ../drivers\libIotLibrary.a(mega_register_access.o)
 .comment       0x00000060       0x31 ../drivers\libIotLibrary.a(mh_z19.o)
 .comment       0x00000060       0x31 ../drivers\libIotLibrary.a(serial.o)
 .comment       0x00000060       0x31 ../drivers\libIotLibrary.a(stdio_driver.o)
 .comment       0x00000060       0x31 ../drivers\libIotLibrary.a(twi.o)
 .comment       0x00000060       0x31 ../drivers\libIotLibrary.a(fifo.o)
 .comment       0x00000060       0x31 c:/program files (x86)/atmel/studio/7.0/toolchain/avr8/avr8-gnu-toolchain/bin/../lib/gcc/avr/5.4.0/../../../../avr/lib/avr6\libc.a(calloc.o)
 .comment       0x00000060       0x31 c:/program files (x86)/atmel/studio/7.0/toolchain/avr8/avr8-gnu-toolchain/bin/../lib/gcc/avr/5.4.0/../../../../avr/lib/avr6\libc.a(malloc.o)
 .comment       0x00000060       0x31 c:/program files (x86)/atmel/studio/7.0/toolchain/avr8/avr8-gnu-toolchain/bin/../lib/gcc/avr/5.4.0/../../../../avr/lib/avr6\libc.a(iob.o)
 .comment       0x00000060       0x31 c:/program files (x86)/atmel/studio/7.0/toolchain/avr8/avr8-gnu-toolchain/bin/../lib/gcc/avr/5.4.0/../../../../avr/lib/avr6\libc.a(printf.o)
 .comment       0x00000060       0x31 c:/program files (x86)/atmel/studio/7.0/toolchain/avr8/avr8-gnu-toolchain/bin/../lib/gcc/avr/5.4.0/../../../../avr/lib/avr6\libc.a(puts.o)
 .comment       0x00000060       0x31 c:/program files (x86)/atmel/studio/7.0/toolchain/avr8/avr8-gnu-toolchain/bin/../lib/gcc/avr/5.4.0/../../../../avr/lib/avr6\libc.a(sprintf.o)
 .comment       0x00000060       0x2c c:/program files (x86)/atmel/studio/7.0/toolchain/avr8/avr8-gnu-toolchain/bin/../lib/gcc/avr/5.4.0/../../../../avr/lib/avr6\libc.a(vfprintf_std.o)
                                 0x2d (size before relaxing)
 .comment       0x0000008c       0x31 c:/program files (x86)/atmel/studio/7.0/toolchain/avr8/avr8-gnu-toolchain/bin/../lib/gcc/avr/5.4.0/../../../../avr/lib/avr6\libc.a(fputc.o)

.note.gnu.avr.deviceinfo
                0x00000000       0x40
 .note.gnu.avr.deviceinfo
                0x00000000       0x40 C:/Program Files (x86)/Atmel/Studio/7.0/Packs/atmel/ATmega_DFP/1.3.300/gcc/dev/atmega2560/avr6/crtatmega2560.o

.note.gnu.build-id
 *(.note.gnu.build-id)

.debug
 *(.debug)

.line
 *(.line)

.debug_srcinfo
 *(.debug_srcinfo)

.debug_sfnames
 *(.debug_sfnames)

.debug_aranges  0x00000000      0x9e0
 *(.debug_aranges)
 .debug_aranges
                0x00000000       0x30 FreeRTOS/FreeRTOSTraceDriver/FreeRTOSTraceDriver.o
 .debug_aranges
                0x00000030       0x28 FreeRTOS/src/heap_3.o
 .debug_aranges
                0x00000058       0x40 FreeRTOS/src/list.o
 .debug_aranges
                0x00000098       0x48 FreeRTOS/src/port.o
 .debug_aranges
                0x000000e0       0xf8 FreeRTOS/src/queue.o
 .debug_aranges
                0x000001d8       0xc8 FreeRTOS/src/stream_buffer.o
 .debug_aranges
                0x000002a0      0x1d8 FreeRTOS/src/tasks.o
 .debug_aranges
                0x00000478       0xa0 FreeRTOS/src/timers.o
 .debug_aranges
                0x00000518       0x30 FreeRTOS/src/variantHooks.o
 .debug_aranges
                0x00000548       0x60 main.o
 .debug_aranges
                0x000005a8       0x20 ../drivers\libIotLibrary.a(hal.o)
 .debug_aranges
                0x000005c8       0x68 ../drivers\libIotLibrary.a(hih8120.o)
 .debug_aranges
                0x00000630       0x68 ../drivers\libIotLibrary.a(led.o)
 .debug_aranges
                0x00000698      0x128 ../drivers\libIotLibrary.a(lora_driver.o)
 .debug_aranges
                0x000007c0       0x28 ../drivers\libIotLibrary.a(lora_driver_utils.o)
 .debug_aranges
                0x000007e8       0x70 ../drivers\libIotLibrary.a(mega_register_access.o)
 .debug_aranges
                0x00000858       0x50 ../drivers\libIotLibrary.a(mh_z19.o)
 .debug_aranges
                0x000008a8       0x90 ../drivers\libIotLibrary.a(serial.o)
 .debug_aranges
                0x00000938       0x38 ../drivers\libIotLibrary.a(stdio_driver.o)
 .debug_aranges
                0x00000970       0x50 ../drivers\libIotLibrary.a(twi.o)
 .debug_aranges
                0x000009c0       0x20 ../drivers\libIotLibrary.a(fifo.o)

.debug_pubnames
 *(.debug_pubnames)

.debug_info     0x00000000     0xd0b5
 *(.debug_info .gnu.linkonce.wi.*)
 .debug_info    0x00000000      0xbbc C:/Program Files (x86)/Atmel/Studio/7.0/Packs/atmel/ATmega_DFP/1.3.300/gcc/dev/atmega2560/avr6/crtatmega2560.o
 .debug_info    0x00000bbc       0xd3 FreeRTOS/FreeRTOSTraceDriver/FreeRTOSTraceDriver.o
 .debug_info    0x00000c8f      0x19f FreeRTOS/src/heap_3.o
 .debug_info    0x00000e2e      0x2df FreeRTOS/src/list.o
 .debug_info    0x0000110d      0x284 FreeRTOS/src/port.o
 .debug_info    0x00001391     0x18fc FreeRTOS/src/queue.o
 .debug_info    0x00002c8d     0x14b9 FreeRTOS/src/stream_buffer.o
 .debug_info    0x00004146     0x27ae FreeRTOS/src/tasks.o
 .debug_info    0x000068f4     0x1077 FreeRTOS/src/timers.o
 .debug_info    0x0000796b      0x1ba FreeRTOS/src/variantHooks.o
 .debug_info    0x00007b25     0x10b9 main.o
 .debug_info    0x00008bde      0x20d ../drivers\libIotLibrary.a(hal.o)
 .debug_info    0x00008deb      0x3a9 ../drivers\libIotLibrary.a(hih8120.o)
 .debug_info    0x00009194      0x6f9 ../drivers\libIotLibrary.a(led.o)
 .debug_info    0x0000988d     0x165d ../drivers\libIotLibrary.a(lora_driver.o)
 .debug_info    0x0000aeea      0x143 ../drivers\libIotLibrary.a(lora_driver_utils.o)
 .debug_info    0x0000b02d      0x2e1 ../drivers\libIotLibrary.a(mega_register_access.o)
 .debug_info    0x0000b30e      0x538 ../drivers\libIotLibrary.a(mh_z19.o)
 .debug_info    0x0000b846      0xdb3 ../drivers\libIotLibrary.a(serial.o)
 .debug_info    0x0000c5f9      0x39c ../drivers\libIotLibrary.a(stdio_driver.o)
 .debug_info    0x0000c995      0x55d ../drivers\libIotLibrary.a(twi.o)
 .debug_info    0x0000cef2      0x1c3 ../drivers\libIotLibrary.a(fifo.o)

.debug_abbrev   0x00000000     0x32da
 *(.debug_abbrev)
 .debug_abbrev  0x00000000      0xb1a C:/Program Files (x86)/Atmel/Studio/7.0/Packs/atmel/ATmega_DFP/1.3.300/gcc/dev/atmega2560/avr6/crtatmega2560.o
 .debug_abbrev  0x00000b1a       0x92 FreeRTOS/FreeRTOSTraceDriver/FreeRTOSTraceDriver.o
 .debug_abbrev  0x00000bac      0x107 FreeRTOS/src/heap_3.o
 .debug_abbrev  0x00000cb3       0xff FreeRTOS/src/list.o
 .debug_abbrev  0x00000db2      0x158 FreeRTOS/src/port.o
 .debug_abbrev  0x00000f0a      0x2d8 FreeRTOS/src/queue.o
 .debug_abbrev  0x000011e2      0x2b4 FreeRTOS/src/stream_buffer.o
 .debug_abbrev  0x00001496      0x359 FreeRTOS/src/tasks.o
 .debug_abbrev  0x000017ef      0x30f FreeRTOS/src/timers.o
 .debug_abbrev  0x00001afe      0x101 FreeRTOS/src/variantHooks.o
 .debug_abbrev  0x00001bff      0x2eb main.o
 .debug_abbrev  0x00001eea       0xff ../drivers\libIotLibrary.a(hal.o)
 .debug_abbrev  0x00001fe9      0x184 ../drivers\libIotLibrary.a(hih8120.o)
 .debug_abbrev  0x0000216d      0x228 ../drivers\libIotLibrary.a(led.o)
 .debug_abbrev  0x00002395      0x382 ../drivers\libIotLibrary.a(lora_driver.o)
 .debug_abbrev  0x00002717       0xc0 ../drivers\libIotLibrary.a(lora_driver_utils.o)
 .debug_abbrev  0x000027d7       0xd3 ../drivers\libIotLibrary.a(mega_register_access.o)
 .debug_abbrev  0x000028aa      0x20f ../drivers\libIotLibrary.a(mh_z19.o)
 .debug_abbrev  0x00002ab9      0x364 ../drivers\libIotLibrary.a(serial.o)
 .debug_abbrev  0x00002e1d      0x1be ../drivers\libIotLibrary.a(stdio_driver.o)
 .debug_abbrev  0x00002fdb      0x217 ../drivers\libIotLibrary.a(twi.o)
 .debug_abbrev  0x000031f2       0xe8 ../drivers\libIotLibrary.a(fifo.o)

.debug_line     0x00000000     0x607d
 *(.debug_line .debug_line.* .debug_line_end)
 .debug_line    0x00000000      0x1f9 C:/Program Files (x86)/Atmel/Studio/7.0/Packs/atmel/ATmega_DFP/1.3.300/gcc/dev/atmega2560/avr6/crtatmega2560.o
 .debug_line    0x000001f9       0xfd FreeRTOS/FreeRTOSTraceDriver/FreeRTOSTraceDriver.o
 .debug_line    0x000002f6      0x175 FreeRTOS/src/heap_3.o
 .debug_line    0x0000046b      0x1da FreeRTOS/src/list.o
 .debug_line    0x00000645      0x312 FreeRTOS/src/port.o
 .debug_line    0x00000957      0xbfa FreeRTOS/src/queue.o
 .debug_line    0x00001551      0x7a4 FreeRTOS/src/stream_buffer.o
 .debug_line    0x00001cf5     0x1656 FreeRTOS/src/tasks.o
 .debug_line    0x0000334b      0x562 FreeRTOS/src/timers.o
 .debug_line    0x000038ad      0x18a FreeRTOS/src/variantHooks.o
 .debug_line    0x00003a37      0x54e main.o
 .debug_line    0x00003f85       0xff ../drivers\libIotLibrary.a(hal.o)
 .debug_line    0x00004084      0x246 ../drivers\libIotLibrary.a(hih8120.o)
 .debug_line    0x000042ca      0x32c ../drivers\libIotLibrary.a(led.o)
 .debug_line    0x000045f6      0x8df ../drivers\libIotLibrary.a(lora_driver.o)
 .debug_line    0x00004ed5      0x194 ../drivers\libIotLibrary.a(lora_driver_utils.o)
 .debug_line    0x00005069      0x1af ../drivers\libIotLibrary.a(mega_register_access.o)
 .debug_line    0x00005218      0x2d6 ../drivers\libIotLibrary.a(mh_z19.o)
 .debug_line    0x000054ee      0x636 ../drivers\libIotLibrary.a(serial.o)
 .debug_line    0x00005b24      0x13a ../drivers\libIotLibrary.a(stdio_driver.o)
 .debug_line    0x00005c5e      0x306 ../drivers\libIotLibrary.a(twi.o)
 .debug_line    0x00005f64      0x119 ../drivers\libIotLibrary.a(fifo.o)

.debug_frame    0x00000000     0x2004
 *(.debug_frame)
 .debug_frame   0x00000000       0x44 FreeRTOS/FreeRTOSTraceDriver/FreeRTOSTraceDriver.o
 .debug_frame   0x00000044       0x4c FreeRTOS/src/heap_3.o
 .debug_frame   0x00000090       0x88 FreeRTOS/src/list.o
 .debug_frame   0x00000118       0x74 FreeRTOS/src/port.o
 .debug_frame   0x0000018c      0x3cc FreeRTOS/src/queue.o
 .debug_frame   0x00000558      0x3c8 FreeRTOS/src/stream_buffer.o
 .debug_frame   0x00000920      0x69c FreeRTOS/src/tasks.o
 .debug_frame   0x00000fbc      0x1cc FreeRTOS/src/timers.o
 .debug_frame   0x00001188       0x44 FreeRTOS/src/variantHooks.o
 .debug_frame   0x000011cc      0x104 main.o
 .debug_frame   0x000012d0       0x24 ../drivers\libIotLibrary.a(hal.o)
 .debug_frame   0x000012f4       0xc0 ../drivers\libIotLibrary.a(hih8120.o)
 .debug_frame   0x000013b4      0x11c ../drivers\libIotLibrary.a(led.o)
 .debug_frame   0x000014d0      0x3d8 ../drivers\libIotLibrary.a(lora_driver.o)
 .debug_frame   0x000018a8       0x48 ../drivers\libIotLibrary.a(lora_driver_utils.o)
 .debug_frame   0x000018f0       0xc4 ../drivers\libIotLibrary.a(mega_register_access.o)
 .debug_frame   0x000019b4       0xf8 ../drivers\libIotLibrary.a(mh_z19.o)
 .debug_frame   0x00001aac      0x384 ../drivers\libIotLibrary.a(serial.o)
 .debug_frame   0x00001e30       0x84 ../drivers\libIotLibrary.a(stdio_driver.o)
 .debug_frame   0x00001eb4      0x12c ../drivers\libIotLibrary.a(twi.o)
 .debug_frame   0x00001fe0       0x24 ../drivers\libIotLibrary.a(fifo.o)

.debug_str      0x00000000     0x3d40
 *(.debug_str)
 .debug_str     0x00000000      0x3e6 C:/Program Files (x86)/Atmel/Studio/7.0/Packs/atmel/ATmega_DFP/1.3.300/gcc/dev/atmega2560/avr6/crtatmega2560.o
 .debug_str     0x000003e6      0x19d FreeRTOS/FreeRTOSTraceDriver/FreeRTOSTraceDriver.o
                                0x1d1 (size before relaxing)
 .debug_str     0x00000583       0x9d FreeRTOS/src/heap_3.o
                                0x203 (size before relaxing)
 .debug_str     0x00000620      0x154 FreeRTOS/src/list.o
                                0x2ce (size before relaxing)
 .debug_str     0x00000774      0x130 FreeRTOS/src/port.o
                                0x2bb (size before relaxing)
 .debug_str     0x000008a4      0x6e4 FreeRTOS/src/queue.o
                                0x9c4 (size before relaxing)
 .debug_str     0x00000f88      0x54a FreeRTOS/src/stream_buffer.o
                                0x833 (size before relaxing)
 .debug_str     0x000014d2      0xb1c FreeRTOS/src/tasks.o
                               0x116f (size before relaxing)
 .debug_str     0x00001fee      0x43f FreeRTOS/src/timers.o
                                0x85c (size before relaxing)
 .debug_str     0x0000242d       0x61 FreeRTOS/src/variantHooks.o
                                0x262 (size before relaxing)
 .debug_str     0x0000248e      0x687 main.o
                                0x946 (size before relaxing)
 .debug_str     0x00002b15       0xc3 ../drivers\libIotLibrary.a(hal.o)
                                0x278 (size before relaxing)
 .debug_str     0x00002bd8      0x1f1 ../drivers\libIotLibrary.a(hih8120.o)
                                0x44a (size before relaxing)
 .debug_str     0x00002dc9       0xd1 ../drivers\libIotLibrary.a(led.o)
                                0x3d2 (size before relaxing)
 .debug_str     0x00002e9a      0x5f4 ../drivers\libIotLibrary.a(lora_driver.o)
                                0xc93 (size before relaxing)
 .debug_str     0x0000348e       0x46 ../drivers\libIotLibrary.a(lora_driver_utils.o)
                                0x205 (size before relaxing)
 .debug_str     0x000034d4       0xdf ../drivers\libIotLibrary.a(mega_register_access.o)
                                0x252 (size before relaxing)
 .debug_str     0x000035b3      0x10d ../drivers\libIotLibrary.a(mh_z19.o)
                                0x47a (size before relaxing)
 .debug_str     0x000036c0      0x2de ../drivers\libIotLibrary.a(serial.o)
                                0x639 (size before relaxing)
 .debug_str     0x0000399e       0xa4 ../drivers\libIotLibrary.a(stdio_driver.o)
                                0x378 (size before relaxing)
 .debug_str     0x00003a42      0x2de ../drivers\libIotLibrary.a(twi.o)
                                0x5a8 (size before relaxing)
 .debug_str     0x00003d20       0x20 ../drivers\libIotLibrary.a(fifo.o)
                                0x237 (size before relaxing)

.debug_loc      0x00000000     0xb219
 *(.debug_loc)
 .debug_loc     0x00000000       0x42 FreeRTOS/FreeRTOSTraceDriver/FreeRTOSTraceDriver.o
 .debug_loc     0x00000042      0x102 FreeRTOS/src/heap_3.o
 .debug_loc     0x00000144      0x145 FreeRTOS/src/list.o
 .debug_loc     0x00000289      0x2af FreeRTOS/src/port.o
 .debug_loc     0x00000538     0x1dc0 FreeRTOS/src/queue.o
 .debug_loc     0x000022f8     0x1e4d FreeRTOS/src/stream_buffer.o
 .debug_loc     0x00004145     0x2e78 FreeRTOS/src/tasks.o
 .debug_loc     0x00006fbd      0xbed FreeRTOS/src/timers.o
 .debug_loc     0x00007baa       0xb6 FreeRTOS/src/variantHooks.o
 .debug_loc     0x00007c60      0x2c3 main.o
 .debug_loc     0x00007f23       0x2c ../drivers\libIotLibrary.a(hal.o)
 .debug_loc     0x00007f4f       0x9f ../drivers\libIotLibrary.a(hih8120.o)
 .debug_loc     0x00007fee      0x390 ../drivers\libIotLibrary.a(led.o)
 .debug_loc     0x0000837e      0xf7c ../drivers\libIotLibrary.a(lora_driver.o)
 .debug_loc     0x000092fa      0x1d2 ../drivers\libIotLibrary.a(lora_driver_utils.o)
 .debug_loc     0x000094cc       0xe9 ../drivers\libIotLibrary.a(mega_register_access.o)
 .debug_loc     0x000095b5      0x3cd ../drivers\libIotLibrary.a(mh_z19.o)
 .debug_loc     0x00009982     0x1080 ../drivers\libIotLibrary.a(serial.o)
 .debug_loc     0x0000aa02      0x144 ../drivers\libIotLibrary.a(stdio_driver.o)
 .debug_loc     0x0000ab46      0x575 ../drivers\libIotLibrary.a(twi.o)
 .debug_loc     0x0000b0bb      0x15e ../drivers\libIotLibrary.a(fifo.o)

.debug_macinfo
 *(.debug_macinfo)

.debug_weaknames
 *(.debug_weaknames)

.debug_funcnames
 *(.debug_funcnames)

.debug_typenames
 *(.debug_typenames)

.debug_varnames
 *(.debug_varnames)

.debug_pubtypes
 *(.debug_pubtypes)

.debug_ranges   0x00000000      0xa40
 *(.debug_ranges)
 .debug_ranges  0x00000000       0x20 FreeRTOS/FreeRTOSTraceDriver/FreeRTOSTraceDriver.o
 .debug_ranges  0x00000020       0x18 FreeRTOS/src/heap_3.o
 .debug_ranges  0x00000038       0x30 FreeRTOS/src/list.o
 .debug_ranges  0x00000068       0x38 FreeRTOS/src/port.o
 .debug_ranges  0x000000a0      0x178 FreeRTOS/src/queue.o
 .debug_ranges  0x00000218       0xb8 FreeRTOS/src/stream_buffer.o
 .debug_ranges  0x000002d0      0x240 FreeRTOS/src/tasks.o
 .debug_ranges  0x00000510       0xf0 FreeRTOS/src/timers.o
 .debug_ranges  0x00000600       0x20 FreeRTOS/src/variantHooks.o
 .debug_ranges  0x00000620       0x68 main.o
 .debug_ranges  0x00000688       0x10 ../drivers\libIotLibrary.a(hal.o)
 .debug_ranges  0x00000698       0x58 ../drivers\libIotLibrary.a(hih8120.o)
 .debug_ranges  0x000006f0       0x58 ../drivers\libIotLibrary.a(led.o)
 .debug_ranges  0x00000748      0x118 ../drivers\libIotLibrary.a(lora_driver.o)
 .debug_ranges  0x00000860       0x30 ../drivers\libIotLibrary.a(lora_driver_utils.o)
 .debug_ranges  0x00000890       0x60 ../drivers\libIotLibrary.a(mega_register_access.o)
 .debug_ranges  0x000008f0       0x40 ../drivers\libIotLibrary.a(mh_z19.o)
 .debug_ranges  0x00000930       0x98 ../drivers\libIotLibrary.a(serial.o)
 .debug_ranges  0x000009c8       0x28 ../drivers\libIotLibrary.a(stdio_driver.o)
 .debug_ranges  0x000009f0       0x40 ../drivers\libIotLibrary.a(twi.o)
 .debug_ranges  0x00000a30       0x10 ../drivers\libIotLibrary.a(fifo.o)

.debug_macro
 *(.debug_macro)
OUTPUT(SEP4.elf elf32-avr)
LOAD linker stubs
